// Jest Snapshot v1, https://jestjs.io/docs/snapshot-testing

exports[`Header should match snapshot 1`] = `
<div>
  <header
    class="w-full border-b border-neutral-200 bg-white/80 backdrop-blur-sm text-neutral-900"
  >
    <div
      class="container  mx-auto flex  items-center justify-between px-4 py-3 sm:px-6 lg:px-8"
    >
      <div
        class="flex items-center gap-3"
      >
        <span>
          Cookbook
        </span>
      </div>
      <div
        class="flex items-center gap-3"
      />
    </div>
  </header>
</div>
`;
