// Jest Snapshot v1, https://goo.gl/fbAQLP

exports[`Banner should render successfully 1`] = `
<body>
  <div>
    <div
      class="bg-lightpink"
      id="banner"
    >
      <div
        class="mx-auto max-w-7xl pt-20 sm:pb-24 px-6"
      >
        <div
          class="grid grid-cols-1 lg:grid-cols-12 space-x-1"
        >
          <div
            class="col-span-6 flex flex-col justify-center"
          >
            <div
              class="css-0"
              style="opacity: 0; animation-delay: 400ms;"
            >
              <h1
                class="text-4xl lg:text-7xl font-semibold mb-5 text-lightgrey md:4px lg:text-start text-center"
              >
                MealPlan Pro:
              </h1>
            </div>
            <div
              class="css-0"
              style="opacity: 0; animation-delay: 500ms;"
            >
              <h2
                class="text-3xl lg:text-5xl font-semibold mb-5 text-lightgrey md:4px lg:text-start text-center"
              >
                Your Ultimate Meal Planning Companion!
              </h2>
            </div>
            <div
              class="css-0"
              style="opacity: 0; animation-delay: 800ms;"
            >
              <p
                class="text-grey lg:text-lg font-normal mb-10 lg:text-start text-center"
              >
                Are you tired of the daily mealtime chaos, juggling between last-minute recipe searches and grocery store rushes? MealPlan Pro is here to simplify your life and make meal planning a breeze. Whether you're a seasoned chef or a kitchen newbie, our app is your key to stress-free meal planning and efficient grocery shopping.
              </p>
            </div>
            <div
              class="css-0"
              style="opacity: 0; animation-delay: 1000ms;"
            >
              <div
                class="md:flex align-middle justify-center lg:justify-start"
              >
                <button
                  class="text-xl w-full md:w-auto font-medium rounded-full text-white py-5 px-6 bg-pink lg:px-14 mr-6"
                >
                  <a
                    href="#cook-section"
                  >
                    Lets cook
                  </a>
                </button>
                <button
                  class="flex border w-full md:w-auto mt-5 md:mt-0 border-pink justify-center rounded-full text-xl font-medium items-center py-5 px-10 text-pink hover:text-white hover:bg-pink"
                >
                  <a
                    href="#about-section"
                  >
                    Explore now
                  </a>
                </button>
              </div>
            </div>
          </div>
          <div
            class="col-span-6 flex justify-center relative"
          >
            <div
              class="flex bg-white p-2 gap-5 items-center bottom-10 left-10 rounded-xl absolute"
            >
              <img
                alt="pizza-image"
                data-nimg="1"
                decoding="async"
                height="68"
                loading="lazy"
                src="/images/Banner/pizza.svg"
                style="color: transparent;"
                width="68"
              />
              <p
                class="text-lg font-normal"
              >
                More than 500+ 
                <br />
                 recipes.
              </p>
            </div>
            <img
              alt="nothing"
              data-nimg="1"
              decoding="async"
              height="805"
              loading="lazy"
              src="/_next/image?url=%2Fimages%2FBanner%2Fbanner-image.png&w=2048&q=75"
              srcset="/_next/image?url=%2Fimages%2FBanner%2Fbanner-image.png&w=1080&q=75 1x, /_next/image?url=%2Fimages%2FBanner%2Fbanner-image.png&w=2048&q=75 2x"
              style="color: transparent;"
              width="1000"
            />
          </div>
        </div>
      </div>
    </div>
  </div>
</body>
`;
