// Jest Snapshot v1, https://goo.gl/fbAQLP

exports[`Nav should render successfully 1`] = `
<body>
  <div>
    <nav
      class="navbar"
      data-headlessui-state=""
    >
      <div
        class="mx-auto max-w-7xl p-3 md:p-6 lg:px-8"
      >
        <div
          class="relative flex h-12 sm:h-20 items-center"
        >
          <div
            class="flex flex-1 items-center sm:justify-between"
          >
            <div
              class="flex sm:hidden flex-shrink-0 items-center border-right"
            >
              <img
                alt="logo"
                data-nimg="1"
                decoding="async"
                height="36"
                loading="lazy"
                src="/images/Logo/Logo.svg"
                style="color: transparent;"
                width="36"
              />
              <a
                class="text-2xl font-semibold text-black ml-4"
                href="/"
              >
                Chef's Kitchen.
              </a>
            </div>
            <div
              class="hidden sm:flex flex-shrink-0 items-center border-right"
            >
              <img
                alt="logo"
                data-nimg="1"
                decoding="async"
                height="56"
                loading="lazy"
                src="/images/Logo/Logo.svg"
                style="color: transparent;"
                width="56"
              />
              <a
                class="text-2xl font-semibold text-black ml-4"
                href="/"
              >
                Chef's Kitchen.
              </a>
            </div>
            <div
              class="hidden lg:flex items-center border-right "
            >
              <div
                class="flex justify-end space-x-4"
              >
                <a
                  aria-current="page"
                  class="navlinks hover:opacity-100 px-3 py-4 rounded-md text-lg font-normal opacity-50 hover:text-black space-links"
                  href="#banner"
                >
                  Home
                </a>
              </div>
            </div>
            <div
              class="gap-6 hidden lg:flex"
            >
              <div
                class="flex items-center gap-2"
              >
                <img
                  alt="phone-image"
                  data-nimg="1"
                  decoding="async"
                  height="19"
                  loading="lazy"
                  src="/images/Navbar/phone.svg"
                  style="color: transparent;"
                  width="19"
                />
                <p
                  class="text-lg font-medium"
                >
                  +1(909) 235-9814
                </p>
              </div>
              <div
                class="absolute inset-y-0 right-0 flex items-center pr-2 sm:static sm:inset-auto sm:ml-6 sm:pr-0"
              >
                <div
                  class="hidden md:block"
                >
                  <button
                    class="flex justify-end text-xl font-medium bg-bgpink text-pink py-4 px-4 lg:px-8 navbutton rounded-full hover:text-white hover:bg-pink"
                    type="button"
                  >
                    Sign In
                  </button>
                </div>
              </div>
            </div>
          </div>
          <div
            class="block lg:hidden"
          >
            <svg
              aria-hidden="true"
              class="block h-6 w-6"
              fill="none"
              stroke="currentColor"
              stroke-width="1.5"
              viewBox="0 0 24 24"
              xmlns="http://www.w3.org/2000/svg"
            >
              <path
                d="M3.75 6.75h16.5M3.75 12h16.5m-16.5 5.25h16.5"
                stroke-linecap="round"
                stroke-linejoin="round"
              />
            </svg>
          </div>
        </div>
      </div>
    </nav>
  </div>
</body>
`;
