// Jest Snapshot v1, https://goo.gl/fbAQLP

exports[`Features should render successfully 1`] = `
<body>
  <div>
    <div
      class="mx-auto max-w-7xl py-40 px-6"
      id="features"
    >
      <div
        class="text-center mb-14"
      >
        <div
          class="css-0"
          style="opacity: 0; animation-delay: 400ms;"
        >
          <h3
            class="text-pink text-lg font-normal mb-3 ls-51 uppercase"
          >
            Features
          </h3>
        </div>
        <div
          class="css-0"
          style="opacity: 0; animation-delay: 800ms;"
        >
          <p
            class="text-3xl lg:text-5xl font-semibold text-lightgrey"
          >
            MealPlan Pro is a valuable tool for simplifying meal planning and grocery shopping.
          </p>
        </div>
      </div>
      <div
        class="grid sm:grid-cols-2 lg:grid-cols-4 gap-y-20 gap-x-5 mt-32"
      >
        <div
          class="css-0"
          style="opacity: 0; animation-delay: 1000ms;"
        >
          <div
            class="card-b p-8 relative rounded-3xl"
            data-testid="features-0"
          >
            <div
              class="work-img-bg rounded-full flex justify-center absolute top-[-50%] sm:top-[-40%] md:top-[-55%] lg:top-[-45%] left-[0%]"
            >
              <img
                alt="/images/Features/featureOne.svg"
                data-nimg="1"
                decoding="async"
                height="10"
                loading="lazy"
                src="/images/Features/featureOne.svg"
                style="color: transparent;"
                width="510"
              />
            </div>
            <h3
              class="text-2xl text-black font-semibold text-center mt-16"
            >
              Customized Meal Plans
            </h3>
            <p
              class="text-lg font-normal text-black text-center text-opacity-50 mt-2"
            >
              Customize meal plans to fit your diet and goals.
            </p>
            <div
              class="flex items-center justify-center"
            >
              <a
                href="/"
              >
                <p
                  class="text-center text-lg font-medium text-pink mt-2 hover-underline"
                >
                  Learn more
                  <svg
                    aria-hidden="true"
                    fill="none"
                    height="20"
                    stroke="currentColor"
                    stroke-width="1.5"
                    viewBox="0 0 24 24"
                    width="20"
                    xmlns="http://www.w3.org/2000/svg"
                  >
                    <path
                      d="M8.25 4.5l7.5 7.5-7.5 7.5"
                      stroke-linecap="round"
                      stroke-linejoin="round"
                    />
                  </svg>
                </p>
              </a>
            </div>
          </div>
        </div>
      </div>
    </div>
  </div>
</body>
`;
