// Jest Snapshot v1, https://goo.gl/fbAQLP

exports[`Layout should render successfully 1`] = `
<body>
  <div>
    <nav
      class="navbar"
      data-headlessui-state=""
    >
      <div
        class="mx-auto max-w-7xl p-3 md:p-6 lg:px-8"
      >
        <div
          class="relative flex h-12 sm:h-20 items-center"
        >
          <div
            class="flex flex-1 items-center sm:justify-between"
          >
            <div
              class="flex sm:hidden flex-shrink-0 items-center border-right"
            >
              <img
                alt="logo"
                data-nimg="1"
                decoding="async"
                height="36"
                loading="lazy"
                src="/images/Logo/Logo.svg"
                style="color: transparent;"
                width="36"
              />
              <a
                class="text-2xl font-semibold text-black ml-4"
                href="/"
              >
                Chef's Kitchen.
              </a>
            </div>
            <div
              class="hidden sm:flex flex-shrink-0 items-center border-right"
            >
              <img
                alt="logo"
                data-nimg="1"
                decoding="async"
                height="56"
                loading="lazy"
                src="/images/Logo/Logo.svg"
                style="color: transparent;"
                width="56"
              />
              <a
                class="text-2xl font-semibold text-black ml-4"
                href="/"
              >
                Chef's Kitchen.
              </a>
            </div>
            <div
              class="hidden lg:flex items-center border-right "
            >
              <div
                class="flex justify-end space-x-4"
              >
                <a
                  aria-current="page"
                  class="navlinks hover:opacity-100 px-3 py-4 rounded-md text-lg font-normal opacity-50 hover:text-black space-links"
                  href="#banner"
                >
                  Home
                </a>
              </div>
            </div>
            <div
              class="gap-6 hidden lg:flex"
            >
              <div
                class="flex items-center gap-2"
              >
                <img
                  alt="phone-image"
                  data-nimg="1"
                  decoding="async"
                  height="19"
                  loading="lazy"
                  src="/images/Navbar/phone.svg"
                  style="color: transparent;"
                  width="19"
                />
                <p
                  class="text-lg font-medium"
                >
                  +1(909) 235-9814
                </p>
              </div>
              <div
                class="absolute inset-y-0 right-0 flex items-center pr-2 sm:static sm:inset-auto sm:ml-6 sm:pr-0"
              >
                <div
                  class="hidden md:block"
                >
                  <button
                    class="flex justify-end text-xl font-medium bg-bgpink text-pink py-4 px-4 lg:px-8 navbutton rounded-full hover:text-white hover:bg-pink"
                    type="button"
                  >
                    Sign In
                  </button>
                </div>
              </div>
            </div>
          </div>
          <div
            class="block lg:hidden"
          >
            <svg
              aria-hidden="true"
              class="block h-6 w-6"
              fill="none"
              stroke="currentColor"
              stroke-width="1.5"
              viewBox="0 0 24 24"
              xmlns="http://www.w3.org/2000/svg"
            >
              <path
                d="M3.75 6.75h16.5M3.75 12h16.5m-16.5 5.25h16.5"
                stroke-linecap="round"
                stroke-linejoin="round"
              />
            </svg>
          </div>
        </div>
      </div>
    </nav>
    <main>
      <p>
        child component
      </p>
    </main>
    <div
      class="mx-auto max-w-2xl pt-24 px-4 sm:px-6 lg:max-w-7xl lg:px-8"
    >
      <div
        class="my-12 grid grid-cols-1 gap-y-10 sm:grid-cols-6 lg:grid-cols-12"
      >
        <div
          class="sm:col-span-6 lg:col-span-5"
        >
          <div
            class="flex flex-shrink-0 items-center border-right"
          >
            <img
              alt="logo"
              data-nimg="1"
              decoding="async"
              height="56"
              loading="lazy"
              src="/images/Logo/Logo.svg"
              style="color: transparent;"
              width="56"
            />
            <a
              class="text-2xl font-semibold text-black ml-4"
              href="/"
            >
              Chef's Kitchen.
            </a>
          </div>
          <h3
            class="text-textbl text-xs font-medium mt-5 mb-4 lg:mb-16"
          >
             Open an account in minutes, get full financial 
            <br />
             control for much longer.
          </h3>
          <div
            class="flex gap-4"
          >
            <a
              href="https://facebook.com"
            >
              <div
                class="bg-white h-10 w-10 shadow-xl text-base rounded-full flex items-center justify-center footer-icons hover:bg-pink"
              >
                <img
                  alt="/images/Footer/facebook.svg"
                  class="sepiaa"
                  data-nimg="1"
                  decoding="async"
                  height="2"
                  loading="lazy"
                  src="/images/Footer/facebook.svg"
                  style="color: transparent;"
                  width="10"
                />
              </div>
            </a>
            <a
              href="https://instagram.com"
            >
              <div
                class="bg-white h-10 w-10 shadow-xl text-base rounded-full flex items-center justify-center footer-icons hover:bg-pink"
              >
                <img
                  alt="/images/Footer/insta.svg"
                  class="sepiaa"
                  data-nimg="1"
                  decoding="async"
                  height="2"
                  loading="lazy"
                  src="/images/Footer/insta.svg"
                  style="color: transparent;"
                  width="14"
                />
              </div>
            </a>
            <a
              href="https://twitter.com"
            >
              <div
                class="bg-white h-10 w-10 shadow-xl text-base rounded-full flex items-center justify-center footer-icons hover:bg-pink"
              >
                <img
                  alt="/images/Footer/twitter.svg"
                  class="sepiaa"
                  data-nimg="1"
                  decoding="async"
                  height="2"
                  loading="lazy"
                  src="/images/Footer/twitter.svg"
                  style="color: transparent;"
                  width="14"
                />
              </div>
            </a>
          </div>
        </div>
        <div
          class="sm:col-span-2"
        >
          <p
            class="text-black text-xl font-semibold mb-9"
          >
            Company
          </p>
          <ul>
            <li
              class="mb-5"
            >
              <a
                class="text-footerlinks text-base font-normal mb-6 space-links"
                href="/"
              >
                About
              </a>
            </li>
            <li
              class="mb-5"
            >
              <a
                class="text-footerlinks text-base font-normal mb-6 space-links"
                href="/"
              >
                Careers
              </a>
            </li>
            <li
              class="mb-5"
            >
              <a
                class="text-footerlinks text-base font-normal mb-6 space-links"
                href="/"
              >
                Mobile
              </a>
            </li>
            <li
              class="mb-5"
            >
              <a
                class="text-footerlinks text-base font-normal mb-6 space-links"
                href="/"
              >
                Blog
              </a>
            </li>
            <li
              class="mb-5"
            >
              <a
                class="text-footerlinks text-base font-normal mb-6 space-links"
                href="/"
              >
                How we work?
              </a>
            </li>
          </ul>
        </div>
        <div
          class="sm:col-span-2"
        >
          <p
            class="text-black text-xl font-semibold mb-9"
          >
            Contact
          </p>
          <ul>
            <li
              class="mb-5"
            >
              <a
                class="text-footerlinks text-base font-normal mb-6 space-links"
                href="/"
              >
                Help/FAQ
              </a>
            </li>
            <li
              class="mb-5"
            >
              <a
                class="text-footerlinks text-base font-normal mb-6 space-links"
                href="/"
              >
                Press
              </a>
            </li>
            <li
              class="mb-5"
            >
              <a
                class="text-footerlinks text-base font-normal mb-6 space-links"
                href="/"
              >
                Affiliates
              </a>
            </li>
            <li
              class="mb-5"
            >
              <a
                class="text-footerlinks text-base font-normal mb-6 space-links"
                href="/"
              >
                Hotel owners
              </a>
            </li>
            <li
              class="mb-5"
            >
              <a
                class="text-footerlinks text-base font-normal mb-6 space-links"
                href="/"
              >
                Partners
              </a>
            </li>
          </ul>
        </div>
        <div
          class="sm:col-span-2"
        >
          <p
            class="text-black text-xl font-semibold mb-9"
          >
            More
          </p>
          <ul>
            <li
              class="mb-5"
            >
              <a
                class="text-footerlinks text-base font-normal mb-6 space-links"
                href="/"
              >
                Recipe
              </a>
            </li>
            <li
              class="mb-5"
            >
              <a
                class="text-footerlinks text-base font-normal mb-6 space-links"
                href="/"
              >
                Chef
              </a>
            </li>
            <li
              class="mb-5"
            >
              <a
                class="text-footerlinks text-base font-normal mb-6 space-links"
                href="/"
              >
                Food
              </a>
            </li>
            <li
              class="mb-5"
            >
              <a
                class="text-footerlinks text-base font-normal mb-6 space-links"
                href="/"
              >
                Support
              </a>
            </li>
          </ul>
        </div>
      </div>
      <div
        class="py-10 md:flex items-center justify-between border-t border-t-bordertop"
      >
        <h4
          class="text-darkgrey text-sm text-center md:text-start font-normal"
        >
          @2023 - Chef's kitchen. All Rights Reserved by 
          <a
            href="https://adminmart.com/"
            target="_blank"
          >
             Adminmart.com
          </a>
        </h4>
        <div
          class="flex gap-5 mt-5 md:mt-0 justify-center md:justify-start"
        >
          <h4
            class="text-darkgrey text-sm font-normal"
          >
            <a
              href="/"
              target="_blank"
            >
              Privacy policy
            </a>
          </h4>
          <div
            class="h-5 bg-bordertop w-0.5"
          />
          <h4
            class="text-darkgrey text-sm font-normal"
          >
            <a
              href="/"
              target="_blank"
            >
              Terms & conditions
            </a>
          </h4>
        </div>
      </div>
    </div>
  </div>
</body>
`;
